[mymeticorereview.gr8.com/index.html]
[us-as.gr-cdn.com/images/squeeze-page/_external.various.favico.0.delayed]
[us-as.gr-cdn.com/images/squeeze-page/_external/various/favicons/apple-touch-icon-57x57.png]
[us-as.gr-cdn.com/images/squeeze-page/_external/various/favicons/apple-touch-icon-60x60.png]
[us-as.gr-cdn.com/images/squeeze-page/_external/various/favicons/apple-touch-icon-72x72.png]
[us-as.gr-cdn.com/images/squeeze-page/_external/various/favicons/apple-touch-icon-76x76.png]
[us-as.gr-cdn.com/images/squeeze-page/_external/various/favicons/apple-touch-icon-114x114.png]
[us-as.gr-cdn.com/images/squeeze-page/_external/various/favicons/apple-touch-icon-120x120.png]
[us-as.gr-cdn.com/images/squeeze-page/_external/various/favicons/apple-touch-icon-144x144.png]
[us-as.gr-cdn.com/images/squeeze-page/_external/various/favicons/apple-touch-icon-152x152.png]
[us-as.gr-cdn.com/images/squeeze-page/_external/various/favicons/apple-touch-icon-180x180.png]
[us-as.gr-cdn.com/images/squeeze-page/_external/various/favicons/favicon-32x32.png]
[us-as.gr-cdn.com/images/squeeze-page/_external/various/favicons/favicon-194x194.png]
[us-as.gr-cdn.com/images/squeeze-page/_external/various/favicons/favicon-96x96.png]
[us-as.gr-cdn.com/images/squeeze-page/_external/various/favicons/android-chrome-192x192.png]
[us-as.gr-cdn.com/images/squeeze-page/_external/various/favicons/favicon-16x16.png]
[us-as.gr-cdn.com/images/squeeze-page/_external/various/favicons/mstile-144x144.png]
[backblue.gif]
[fade.gif]
[index.html]
[us-as.gr-cdn.com/javascripts/core/lps/dist/reset-styles.146b8ec4963fecae9c0d.css]
[us-as.gr-cdn.com/javascripts/core/lps/dist/core-styles.51365b9560bf3abdc8cb.css]
[us-as.gr-cdn.com/javascripts/core/lps/dist/webform-styles.da452ed17aade0ce6acd.css]
[us-as.gr-cdn.com/images/common/templates/landing/208/1/css/style.css]
[us-ms.gr-cdn.com/getresponse-MjhuQ/photos/ede74e94-dd85-4560-ab60-a655e7404263.gif]
[us-ms.gr-cdn.com/getresponse-MjhuQ/photos/5fdca850-c605-4daf-83e7-4671c5525a3a.gif]
[us-ms.gr-cdn.com/getresponse-MjhuQ/photos/a509f2d0-9f1a-4753-8a5f-5bb6a35cdb72.png]
[us-ms.gr-cdn.com/getresponse-MjhuQ/photos/96e4ec1d-dab7-4672-847e-a74c1ca5b488.png]
[us-ms.gr-cdn.com/getresponse-MjhuQ/photos/8e640add-e8d6-4f76-b69d-01a16666ca7a.png]
[us-ms.gr-cdn.com/getresponse-MjhuQ/photos/32973da4-4afe-41e9-a2a4-0c0b08c571d9.jpg]
[us-ms.gr-cdn.com/getresponse-MjhuQ/photos/074d6121-16b4-4385-9e31-efc24815d480.png]
[us-ms.gr-cdn.com/getresponse-MjhuQ/photos/beca1c88-9ce8-498f-b0fb-ada9ddc3ce9d.png]
[us-ms.gr-cdn.com/getresponse-MjhuQ/photos/413eb415-c741-4a79-bb59-dee1b3101cb5.gif]
[us-ms.gr-cdn.com/getresponse-MjhuQ/photos/00c4ee06-4fe9-4338-a5ba-34cd3ba4a731.gif]
[us-ms.gr-cdn.com/getresponse-MjhuQ/photos/18e6a54b-496b-4cf4-81e3-b583e121d993.png]
[us-ms.gr-cdn.com/getresponse-MjhuQ/photos/522bd212-791a-4d67-a621-e18943559134.png]
[us-as.gr-cdn.com/images/lps/img/image_placeholder.png]
[us-ms.gr-cdn.com/getresponse-MjhuQ/photos/5df6b6e5-8323-4727-ad08-ebdf8d16749b.png]
[ga.getresponse.com/script/gaea94.js]
[us-as.gr-cdn.com/javascripts/core/lps/dist/manifest.86c981ff4636248e3a87.js]
[mymeticorereview.gr8.com/index.html]
[us-as.gr-cdn.com/images/squeeze-page/_external.various.favico.html]
[us-as.gr-cdn.com/javascripts/core/lps/dist/reset-styles.146b8ec4963fecae9c0d.css]
[us-as.gr-cdn.com/javascripts/core/lps/dist/core-styles.51365b9560bf3abdc8cb.css]
[us-as.gr-cdn.com/javascripts/core/lps/dist/vendor.chunk.0903499cc14e68e2de15.js]
[us-as.gr-cdn.com/javascripts/core/lps/dist/show.chunk.acbde82281d32d75a5eb.js]
[us-as.gr-cdn.com/images/core/tools/form/phone.png]
[us-as.gr-cdn.com/javascripts/core/lps/dist/webform-styles.da452ed17aade0ce6acd.css]
[us-as.gr-cdn.com/images/common/templates/landing/208/1/css/style.css]
